
> vite_react_shadcn_ts@0.0.0 build
> vite build

[36mvite v5.4.10 [32mbuilding for production...[36m[39m
transforming...
node.exe : Browserslist: browsers data 
(caniuse-lite) is 17 months old. 
Please run:
No linha:1 caractere:1
+ & "C:\Program Files\nodejs/node.exe" 
"C:\Program Files\nodejs/node_mo ...
+ ~~~~~~~~~~~~~~~~~~~~~~~~~~~~~~~~~~~~~
~~~~~~~~~~~~~~~~~~~~~~~~~~~~~~~~
    + CategoryInfo          : NotSpeci 
   fied: (Browserslist: b...ld. Pleas  
  e run::String) [], RemoteException
    + FullyQualifiedErrorId : NativeCo 
   mmandError
 
  npx update-browserslist-db@latest
  Why you should do it regularly: https
://github.com/browserslist/update-db#re
adme
[32mÔ£ô[39m 4 modules transformed.
[31mx[39m Build failed in 604ms
[31merror during build:
[31m[vite:css] [postcss] C:/Users/gabr
i/OneDrive/Documentos/Goat/Crm Goat/lea
d-goat-flow/src/index.css:292:5: The 
`shadow-[0_20px_40px_-15px_rgba(0,` 
class does not exist. If 
`shadow-[0_20px_40px_-15px_rgba(0,` is 
a custom class, make sure it is 
defined within a `@layer` 
directive.[31m
file: [36mC:/Users/gabri/OneDrive/Docu
mentos/Goat/Crm Goat/lead-goat-flow/src
/index.css:292:4[31m
    at Input.error (C:\Users\gabri\OneD
rive\Documentos\Goat\Crm Goat\lead-goat
-flow\node_modules\postcss\lib\input.js
:106:16)
    at AtRule.error (C:\Users\gabri\One
Drive\Documentos\Goat\Crm Goat\lead-goa
t-flow\node_modules\postcss\lib\node.js
:115:32)
    at processApply (C:\Users\gabri\One
Drive\Documentos\Goat\Crm Goat\lead-goa
t-flow\node_modules\tailwindcss\lib\lib
\expandApplyAtRules.js:380:29)
    at C:\Users\gabri\OneDrive\Document
os\Goat\Crm Goat\lead-goat-flow\node_mo
dules\tailwindcss\lib\lib\expandApplyAt
Rules.js:551:9
    at C:\Users\gabri\OneDrive\Document
os\Goat\Crm Goat\lead-goat-flow\node_mo
dules\tailwindcss\lib\processTailwindFe
atures.js:55:50
    at async plugins (C:\Users\gabri\On
eDrive\Documentos\Goat\Crm Goat\lead-go
at-flow\node_modules\tailwindcss\lib\pl
ugin.js:38:17)
    at async LazyResult.runAsync (C:\Us
ers\gabri\OneDrive\Documentos\Goat\Crm 
Goat\lead-goat-flow\node_modules\postcs
s\lib\lazy-result.js:261:11)
    at async compileCSS (file:///C:/Use
rs/gabri/OneDrive/Documentos/Goat/Crm%2
0Goat/lead-goat-flow/node_modules/vite/
dist/node/chunks/dep-BWSbWtLw.js:36897:
21)
    at async Object.transform (file:///
C:/Users/gabri/OneDrive/Documentos/Goat
/Crm%20Goat/lead-goat-flow/node_modules
/vite/dist/node/chunks/dep-BWSbWtLw.js:
36170:11)
    at async transform (file:///C:/User
s/gabri/OneDrive/Documentos/Goat/Crm%20
Goat/lead-goat-flow/node_modules/rollup
/dist/es/shared/node-entry.js:19581:16)
[39m
